1753206987.219045
1753206987.2657278
1753207043.1308599
1753207043.1781359
1753207341.1437614
1753207341.1906836
1753207401.1499684
1753207488.8426237
1753207488.8900976
1753207490.2830749
1753207490.2831185
1753208042.6370769
1753208042.6830318
1753208044.5669138
1753208044.567137
1753208366.8111207
1753208366.8589792
1753208368.804621
1753208368.804755
1753208848.3120341
1753208848.35819
1753208850.3385134
1753208850.338649
1753209103.7002475
1753209103.7506902
1753209145.4229944
1753209145.4656239
1753209205.428243
1753209344.9234817
1753209344.9746299
1753209404.929677
1753210258.8192015
1753210258.8624935
1753211072.7832458
1753211072.8308573
1753211112.0420704
1753211112.090739
1753211113.5500352
1753211113.550186
1753211699.223346
1753211699.2707274
1753211700.5910883
1753211700.5912428
1753211937.5229483
1753211937.566695
1753211939.3842
1753211939.3842967
1753259904.1905594
1753259904.2377512
1753259905.5260408
1753259905.5267582
1753260376.2438366
1753260376.2941613
1753260377.9559987
1753260377.9561229
1753260882.3953476
1753260882.4427307
1753260884.227077
1753260884.227232
1753261127.9165576
1753261127.9660892
1753261129.2461112
1753261129.246282
1753261400.1873715
1753261400.2339764
1753261401.795038
1753261401.7951937
1753343686.1258247
1753343686.169932
1753343687.746357
1753343687.746619
1753343785.168026
1753343785.215714
1753343786.4673254
1753343786.4674728
1753344061.011226
1753344061.0587635
1753344121.0162644
1753344624.8983724
1753344624.9417593
1753344626.204011
1753344626.2058551
1753344753.9582465
1753344754.0057838
1753344755.602669
1753344755.6028068
1753345083.9320083
1753345083.98233
1753345085.9192774
1753345085.919411
1753345495.0873737
1753345495.1346517
1753345496.7556071
1753345496.755761
1753345596.0625274
1753345596.110466
1753345601.9574006
1753345601.957546
1753345850.745297
1753345850.7911654
1753345851.1633048
1753345851.1679616
1753345852.898581
1753345852.8987327
1753345857.9052367
1753345857.9053872
1753346105.343925
1753346105.3897429
1753346105.694753
1753346105.699257
1753346107.3844576
1753346107.3847058
1753346112.3985353
1753346112.3986833
1753423568.6884918
1753423568.7341998
1753423570.3595679
1753423570.359709
1753423841.3314354
1753423841.3743374
1753423845.7228994
1753423845.7230546
1753424115.125177
1753424115.1709619
1753424280.2788866
1753424280.3302798
1753424282.2573547
1753424282.2576675
1753424455.8203135
1753424455.8660989
1753424457.2627077
1753424457.2627401
1753424581.0098553
1753424581.0543349
1753424582.4115317
1753424582.411765
1753424725.3928406
1753424725.4387093
1753424728.6129894
1753424728.613141
1753424949.3446171
1753424949.3903441
1753424953.989585
1753424953.9897118
1753425094.2774286
1753425094.322416
1753425099.1894062
1753425099.189551
1753425410.4691417
1753425410.5146782
1753425411.8071454
1753425411.807298
1753425517.084094
1753425517.1308563
1753425519.1664827
1753425519.166643
1753425666.8382354
1753425666.8826466
1753425669.369453
1753425669.369602
1753425827.0687103
1753425827.1141589
1753425829.5749931
1753425829.5751517
1753425952.8067427
1753425952.8507187
1753425954.7518346
1753425954.7518847
1753426551.0734053
1753426551.1188922
1753426556.603002
1753426556.6031199
1753426690.5374138
1753426690.585897
1753426696.8140392
1753426696.814192
1753426820.505582
1753426820.5506272
1753426821.9478488
1753426821.9480007
1753427374.583351
1753427374.6265557
1753427378.774636
1753427378.774786
1753427501.5169964
1753427501.56283
1753427503.9418576
1753427503.9420094
1753427812.3114297
1753427812.3541973
1753427815.4121804
1753427815.4123309
1753428026.8921509
1753428026.938782
1753428030.7308893
1753428030.7310438
1753428137.3494718
1753428137.3987367
1753428197.3544166
1753428336.3880014
1753428336.4348588
1753428338.4383755
1753428338.438617
1753428753.4490101
1753428753.494593
1753428759.0073977
1753428759.00755
1753429536.7288835
1753429536.7746348
1753429538.1450555
1753429538.1454735
1753429692.8798802
1753429692.9299335
1753429694.3443553
1753429694.3444839
1753429975.2430162
1753429975.2909386
1753429976.8213418
1753429976.8214743
1753430429.0644732
1753430429.1105917
1753430431.0480602
1753430431.0481946
1753430883.255434
1753430883.2984347
1753430885.1618025
1753430885.1619534
1753438730.698839
1753438730.7427912
1753438731.9281201
1753438731.9283755
1753439067.5909052
1753439067.6391954
1753439069.678598
1753439069.678788
1753451614.0545478
1753451614.098637
1753451616.096997
1753451616.0970411
1753452130.4791334
1753452130.5267656
1753452132.0317328
1753452132.0318863
1753453125.0240939
1753453125.070737
1753453126.6130478
1753453126.6138113
1753453517.2687876
1753453517.3147635
1753453518.926143
1753453518.9262805
1753454008.9431086
1753454008.9906294
1753454010.6144745
1753454010.6146293
1753454493.377421
1753454493.422531
1753454494.7426805
1753454494.7428167
1753454952.0302486
1753454952.0746746
1753454953.5984828
1753454953.5986192
1753455784.7262237
1753455784.770921
1753455786.0734448
1753455786.0735786
1753455976.4781554
1753455976.5272088
1753456036.4870045
1753456433.678216
1753456433.7217665
1753456533.7343073
1753456533.778884
1753456535.564659
1753456535.5648115
1753457051.4580865
1753457051.506464
1753457053.5805657
1753457053.5807211
1753461326.1557508
1753461326.2062979
1753461555.6106288
1753461555.658563
1753461557.5549195
1753461557.5550785
1753462261.2599647
1753462261.3107555
1753462262.736174
1753462262.7363336
1753462516.3751276
1753462516.4250345
1753462518.1389642
1753462518.139093
1753462733.7044487
1753462733.7507553
1753462734.9093053
1753462734.9094512
1753463005.5850074
1753463005.6341717
1753463007.136796
1753463007.1368542
1753712429.1897016
1753712429.2372925
1753712431.3019166
1753712431.3024528
1753712535.0963256
1753712535.140808
1753712541.4777846
1753712541.4779348
1753713382.0405493
1753713382.084991
1753713383.7727702
1753713383.7729316
1753713405.2454348
1753713405.2498648
1753713408.8236127
1753713408.8237653
1753713966.4275146
1753713966.4776847
1753713968.2862124
1753713968.2862456
1753713974.0603468
1753713974.065964
1753713978.311928
1753713978.3120759
1753714163.3478322
1753714163.3926058
1753714165.2161832
1753714165.2163174
1753714173.055209
1753714173.0571795
1753714175.2251077
1753714175.2252629
1753714939.61739
1753714939.6651516
1753714940.3850014
1753714940.3891747
1753714941.322505
1753714941.322649
1753714946.3212116
1753714946.3213694
1753716054.0005271
1753716054.0478566
1753716055.9521134
1753716055.9521499
1753716061.6151383
1753716061.6186934
1753716065.9838073
1753716065.9839468
1753783705.1505265
1753783705.1968217
1753783705.438536
1753783705.4434965
1753783707.1346433
1753783707.1348855
1753783712.0978935
1753783712.0980554
1753791943.7189522
1753791943.764997
1753791945.8470945
1753791945.847313
1753794575.6912377
1753794575.7372706
1753794577.015069
1753794577.0158958
1753796967.1704478
1753796967.2200677
1753796968.607662
1753796968.6077971
1753797773.9909072
1753797774.0372784
1753797775.2485998
1753797775.248731
1753798119.9836347
1753798120.033738
1753798121.5445104
1753798121.544656
1753798184.154683
1753798184.200753
1753798185.3239114
1753798185.324004
1753802425.4736514
1753802425.519967
1753802427.0536773
1753802427.053767
1753802427.1438603
1753802427.144828
1753802432.0646307
1753802432.0647688
1753813518.9653018
1753813519.0091074
1753813519.0483308
1753813519.0527668
1753813520.237868
1753813520.2379982
1753813525.2388844
1753813525.2390397
1753860430.9080372
1753860430.954763
1753860432.184018
1753860432.1847377
1753869968.1106215
1753869968.155831
1753869969.8253396
1753869969.82911
1753870107.715848
1753870107.7606697
1753870210.826285
1753870210.8770325
1753870239.28513
1753870239.3287854
1753870299.290318
1753870358.9708416
1753870359.020617
1753870475.1308908
1753870475.1809916
1753870534.0493817
1753870534.0965328
1753870536.0117118
1753870536.0118232
1753870640.0141575
1753870640.0567334
1753870641.9521768
1753870641.9522874
1753870959.4112666
1753870959.4570224
1753870962.4458575
1753870962.4502676
1753871077.9975467
1753871078.0490463
1753871078.6878371
1753871078.6927416
1753871163.104392
1753871163.1488135
1753871164.5435615
1753871164.5436742
1753871438.7948952
1753871438.8413253
1753871440.9122837
1753871440.912429
1753872833.877509
1753872833.9208724
1753872835.423863
1753872835.4239936
1753873074.3800328
1753873074.4249406
1753873075.5627878
1753873075.5628848
1753873764.7073376
1753873764.752689
1753873766.2112648
1753873766.2114267
1753874000.2277744
1753874000.2765675
1753874002.064067
1753874002.0642376
1753874187.2954605
1753874187.3404543
1753874188.9407508
1753874188.9409144
1753875434.6298478
1753875434.6807292
1753875436.2751632
1753875436.2752004
1753876194.3802664
1753876194.4290726
1753876195.8412907
1753876195.8414528
1753876468.8086255
1753876468.8573484
1753876471.271836
1753876471.2728002
1753888918.4716492
1753888918.5171888
1753888919.7229674
1753888919.7230291
1753889131.1325877
1753889131.1809514
1753889191.1391242
1753889298.1593719
1753889298.2049937
1753889299.5614595
1753889299.5615232
1753889616.302189
1753889616.3486438
1753889617.716412
1753889617.716546
1753889691.1076722
1753889691.1572404
1753889693.216601
1753889693.2166767
1753891392.6187277
1753891392.664995
1753891394.1463768
1753891394.1465044
1753891650.0857532
1753891650.1292214
1753891651.5980272
1753891651.5981584
1753891689.8113813
1753891689.856377
1753891691.7829146
1753891691.7830234
1753892175.6992362
1753892175.7493117
1753892177.424501
1753892177.424668
1753898107.3705153
1753898107.4206753
1753898108.8928702
1753898108.8930354
1753898109.6315722
1753898109.6329966
1753898113.883035
1753898113.8831856
1753937397.089173
1753937397.1370094
1753937398.7343383
1753937398.7343915
1753937399.0999467
1753937399.1009283
1753937403.7388773
1753937403.7390246
1753940282.0752645
1753940282.1209884
1753940282.7486718
1753940282.754896
1753940284.0620847
1753940284.062167
1753940289.1196163
1753940289.1196775
1753986741.958091
1753986742.0083141
1753986751.927176
1753986751.9288735
1753987185.337462
1753987185.384768
1753987186.6534994
1753987186.6536403
1753987188.2273345
1753987188.2321727
1753987191.6475198
1753987191.6476705
1754333984.760296
1754333984.8083758
1754334051.1256156
1754334051.1270583
1754334082.6848512
1754334082.729057
1754334188.4956663
1754334188.5406106
1754334189.6964471
1754334189.6966
1754334440.202418
1754334440.2491224
1754334442.035025
1754334442.035181
1754334443.666884
1754334443.669291
1754334447.0823257
1754334447.0825675
1754334807.247343
1754334807.293056
1754334809.3702328
1754334809.370311
1754334810.1273894
1754334810.1285484
1754334814.371746
1754334814.3718204
1754335236.8183079
1754335236.8649824
1754335238.4835196
1754335238.4837055
1754335238.5211117
1754335238.522757
1754335243.4720075
1754335243.47216
1754335519.0307026
1754335519.0769968
1754335519.6681044
1754335519.6720197
1754335521.0362859
1754335521.036438
1754335526.0514724
1754335526.051599
1754335786.735591
1754335786.7804058
1754335787.6624293
1754335787.6708438
1754335788.579512
1754335788.5796897
1754335793.5517402
1754335793.5519066
1754336043.8234632
1754336043.869148
1754336044.9907212
1754336044.990829
1754336050.3593097
1754336050.3624444
1754336055.1011152
1754336055.1012783
1754337278.452136
1754337278.5010462
1754337279.5916598
1754337279.5958118
1754337280.465111
1754337280.4653795
1754337285.410319
1754337285.4113488
1754337598.277933
1754337598.3289301
1754337599.7462099
1754337599.7463615
1754338012.986565
1754338013.0372562
1754338014.544319
1754338014.5444381
1754338310.674893
1754338310.7210474
1754338312.5308475
1754338312.5310206
1754339023.2864666
1754339023.3336055
1754339025.2811203
1754339025.2812204
1754339742.7618418
1754339742.8088033
1754339744.108252
1754339744.108418
1754339928.4454765
1754339928.492827
1754339929.9339645
1754339929.9341087
1754340131.460126
1754340131.5037956
1754340132.6944277
1754340132.694581
1754340137.0847397
1754340137.0883732
1754340142.769709
1754340142.76996
1754340600.8329349
1754340600.880987
1754340601.7475407
1754340601.7527385
1754340602.660936
1754340602.6611936
1754340607.6842544
1754340607.6843948
1754368215.763898
1754368215.8092263
1754368216.3542085
1754368216.3579776
1754368217.2806973
1754368217.2809193
1754368222.2860942
1754368222.2862146
1754448228.3906603
1754448228.4367564
1754448230.2556775
1754448230.255782
1754448252.5300457
1754448252.5343812
1754448255.3320665
1754448255.3323102
1754457322.7203853
1754457322.7642643
1754457382.5465567
1754457382.5928645
1754457383.7580578
1754457383.7582076
1754457384.447783
1754457384.4490404
1754457386.9846427
1754457386.989241
1754457388.7730346
1754457388.773174
1754457444.4519558
1754462233.129527
1754462233.177504
1754462235.2110713
1754462235.2111573
1754462329.208972
1754462329.2524312
1754462330.3895373
1754462330.3896785
1754462346.0014937
1754462346.006627
1754462350.4934702
1754462350.493608
1754462875.6321235
1754462875.6803293
1754462877.538334
1754462877.5387938
1754462890.1555507
1754462890.1571362
1754462892.542131
1754462892.5422227
1754462899.9510384
1754462899.955967
1754462902.600798
1754462902.6008728
1754469021.817622
1754469021.8636568
1754469023.2698553
1754469023.2700908
1754469023.814442
1754469023.8154097
1754469028.2887855
1754469028.28892
1754469031.0737493
1754469031.0779886
1754469033.3547664
1754469033.3548517
1754469251.286295
1754469251.3355024
1754469252.645873
1754469252.646416
1754469259.5394373
1754469259.5448399
1754469262.7024183
1754469262.7025518
1754469266.2109082
1754469266.2564476
1754469267.7335112
1754469267.7335804
1754476133.700549
1754476133.7475262
1754476135.4664001
1754476135.4665575
1754476137.5241528
1754476137.5254242
1754476140.4793794
1754476140.4795516
1754476148.695537
1754476148.697664
1754476155.5130715
1754476155.5132408
1754503207.2977057
1754503207.3431244
1754503208.67715
1754503208.6772544
1754503218.6001723
1754503218.6052175
1754503221.051535
1754503221.0527053
1754503223.7730324
1754503223.7731826
1754503378.1733236
1754503378.2202988
1754503379.5774446
1754503379.5775862
1754503379.8404574
1754503379.841723
1754503380.2218752
1754503380.222907
1754503384.640314
1754503384.6404383
1754503439.8457303
1754503521.0803058
1754503521.1242266
1754503522.8563554
1754503522.8564548
1754503530.4082901
1754503530.413305
1754503532.9303246
1754503532.930451
1754503538.0453324
1754503538.0511022
1754503542.9409463
1754503542.9410899
1754549693.2491431
1754549693.2991378
1754549695.2146895
1754549695.214737
1754550721.4321327
1754550721.4799898
1754550722.8551044
1754550722.8551989
1754550730.042152
1754550730.043352
1754550732.9394455
1754550732.9394805
1754550738.1964672
1754550738.20067
1754550743.0282147
1754550743.0283196
1754551173.1769822
1754551173.2240689
1754551174.1874678
1754551174.1895785
1754551175.3842027
1754551175.3842864
1754551175.9636242
1754551175.9654424
1754551180.4148536
1754551180.4150054
1754551234.189755
1754554841.4198906
1754554841.4641688
1754554842.5760946
1754554842.5761285
1754554851.0608509
1754554851.064831
1754554852.614117
1754554852.614263
1754554862.089752
1754554862.136037
1754554867.674003
1754554867.6741629
1754718645.6558123
1754718645.7008653
1754718647.6565208
1754718647.6566236
1754718655.2584088
1754718655.2627745
1754718657.746687
1754718657.7468326
1754718662.7639205
1754718662.768395
1754718667.7434192
1754718667.7435372
1757915913.4076557
1757915913.4516957
1757915915.2859895
1757915915.2860272
1757915940.6475236
1757915940.648533
1757915945.3252337
1757915945.3252664
1757915974.9248228
1757915974.9259064
1757915980.350243
1757915980.3502753
1759820771.2551227
1759820771.2996142
1759820773.1060464
1759820773.106108
1759820782.4559278
1759820782.4571993
1759820788.1401508
1759820788.1401806
1759820799.5708458
1759820799.571764
1759820803.1542907
1759820803.154323
1759821807.2717369
1759821807.315591
1759821808.7941074
1759821808.79414
1759821816.6905222
1759821816.6914783
1759821818.840938
1759821818.8409708
1759821827.7705345
1759821827.771504
1759821833.930913
1759821833.9309485
1759822241.082797
1759822241.1277063
1759822243.1194236
1759822243.1194544
1759822255.9148712
1759822255.9160862
1759822258.130921
1759822258.1309505
1759822271.8878262
1759822271.889572
1759822278.19774
1759822278.197775
1759822650.8590815
1759822650.907639
1759822652.4230502
1759822652.4230962
1759822657.782757
1759822657.7838345
1759822662.4751499
1759822662.4751804
1759822673.1388881
1759822673.1402352
1759822677.5130022
1759822677.5130308
1759822938.0027387
1759822938.0517344
1759823042.0231042
1759823042.0716257
1759823043.5760274
1759823043.5760565
1759823043.8560097
1759823043.8571498
1759823044.9225307
1759823044.9233906
1759823048.5977523
1759823048.597781
1759823271.6710277
1759823271.719691
1759823273.090026
1759823273.090055
1759823291.703667
1759823291.7045493
1759823298.110478
1759823298.1105044
1759823309.9179654
1759823309.9192197
1759823313.2318914
1759823313.2319221
1759824203.5272074
1759824203.5716703
1759824205.059542
1759824205.0596004
1759824341.6779528
1759824341.7236972
1759824343.7843208
1759824343.7843552
1759824685.4834847
1759824685.5277376
1759824686.634258
1759824686.634308
1759828378.0670433
1759828378.1115837
1759828379.9781055
1759828379.9781373
1759829128.20767
1759829128.255655
1759829130.6811857
1759829130.6812172
1759829550.5474064
1759829550.59571
1759829552.1788561
1759829552.178905
1759830333.1429276
1759830333.1917727
1759830334.5919476
1759830334.5921507
1760417623.2541804
1760417623.2996151
1760417624.925081
1760417624.925117
1760418629.2748206
1760418629.3235555
1760418630.9886098
1760418630.9886773
1760419108.3113606
1760419108.3555346
1760419109.9571168
1760419109.9571514
1760419733.1836169
1760419733.227594
1760419734.5634458
1760419734.56348
1760424502.8873174
1760424502.9358778
1760424504.121746
1760424504.1217802
1760425163.4399219
1760425163.4836285
1760425165.392271
1760425165.3923059
1760426237.4549687
1760426237.5036871
1760426238.6663086
1760426238.666344
1760449640.2586937
1760449640.3037605
1760449641.743924
1760449641.743964
1760450030.2346427
1760450030.2798452
1760450031.40836
1760450031.4083955
1760450512.5269556
1760450512.571665
1760450513.6909478
1760450513.6909816
1760450955.8586235
1760450955.9037144
1760450957.1068616
1760450957.1068966
1760451315.239303
1760451315.2875607
1760451316.696459
1760451316.6964965
1760451737.9149
1760451737.959744
1760451739.5504827
1760451739.550525
1760452809.2352364
1760452809.2796633
1760452810.7173803
1760452810.717443
1760453323.5864162
1760453323.6358492
1760453325.3386452
1760453325.3386803
1760456046.0955634
1760456046.1437883
1760456047.5356302
1760456047.5356665
1760457836.415475
1760457836.4597278
1760457838.1444144
1760457838.1444478
1760459346.9510622
1760459346.9955974
1760459348.270984
1760459348.2710183
1760459773.5505095
1760459773.595628
1760459775.4097912
1760459775.409826
1760460442.8950777
1760460442.9396098
1760460444.513615
1760460444.5136476
1760460990.5156093
1760460990.5595727
1760460991.7016978
1760460991.7017307
1760461052.6318028
1760461052.675741
1760461053.8377783
1760461053.837813
1760461535.4514396
1760461535.4995973
1760461536.6680944
1760461536.6681697
1760461738.3382304
1760461738.3796127
1760461740.2635849
1760461740.2636197
1760462124.2073758
1760462124.251619
1760462126.1015928
1760462126.101629
1760462479.7197726
1760462479.7676156
1760462481.7312741
1760462481.7313108
1760463527.4429796
1760463527.487588
1760463529.2472763
1760463529.2473106
1760496904.6862867
1760496904.7275438
1760496906.6859615
1760496906.686297
1760508689.9756718
1760508690.0237386
1760508691.66458
1760508691.6646118
1760508983.4105735
1760508983.4555387
1760508985.4505002
1760508985.4505355
1760509246.663797
1760509246.7117164
1760509306.6650834
1760509468.4348176
1760509468.4797266
1760509470.5498626
1760509470.5498967
1760510988.576398
1760510988.6237442
1760510989.748934
1760510989.748963
1760513431.6643622
1760513431.707645
1760513433.336469
1760513433.3365095
1760513740.4867415
1760513740.531585
1760513742.2047462
1760513742.2047873
1760514207.5266142
1760514207.5755486
1760514267.527824
1760514392.8072858
1760514392.851726
1760514452.8097584
1760514559.099847
1760514559.1436148
1760514561.2397318
1760514561.2397642
1760935368.1061926
1760935368.147677
1760935369.4703693
1760935369.4704049
1760935866.974954
1760935867.019656
1760935868.6617026
1760935868.66206
1760936167.3351965
1760936167.3795025
1760936169.163872
1760936169.1639144
1761034791.4712493
1761034791.5156705
1761034792.7692385
1761034792.7692993
1761035184.5265853
1761035184.5676475
1761035186.1183538
1761035186.1184194
1761035851.9071047
1761035851.9515243
1761035853.8100896
1761035853.8101244
1761051962.2106802
1761051962.2555914
1761051963.9528139
1761051963.952848
1761059041.2267847
1761059041.275517
1761059043.23649
1761059043.2365258
1761059824.8072898
1761059824.85159
1761059826.4256551
1761059826.425707
1761060861.1152563
1761060861.1597805
1761060862.8572254
1761060862.8572621
1761060877.8073153
1761060877.8083882
1761060882.8183298
1761060882.818364
1761203791.4590206
1761203791.5075934
1761203793.0006137
1761203793.0006468
1761204048.9902031
1761204049.0315838
1761204050.1416912
1761204050.1417491
1761277469.0547943
1761277469.0996218
1761277470.722774
1761277470.723738
1761277471.1446838
1761277471.1447158
1761277476.1480587
1761277476.1481123
1761277588.7960534
1761277588.8397064
1761277590.581375
1761277590.5814092
1761277611.779452
1761277611.7805834
1761277615.6537228
1761277615.6537554
1761313442.0588107
1761313442.1037562
1761313443.5741174
1761313443.5742602
1761313455.8643374
1761313455.8662133
1761313458.615976
1761313458.6160038
1761391236.2590265
1761391236.3035853
1761391237.7754538
1761391237.7754834
1761391249.8800213
1761391249.8814273
1761391252.83467
1761391252.8346977
1761395093.7043562
1761395093.7518146
1761395095.5759737
1761395095.5760322
1761395105.5639315
1761395105.5648754
1761395110.6637907
1761395110.6638243
1761401733.119097
1761401733.1636295
1761401734.2861295
1761401734.2861588
1761401743.247316
1761401743.248407
1761401749.3862033
1761401749.3862333
1761565494.1098912
1761565494.156015
1761565495.503144
1761565495.5033305
1761568232.025691
1761568232.072942
1761568233.9726803
1761568233.9732628
1761568674.89756
1761568674.9448936
1761568676.1163182
1761568676.1165614
1761569484.4203966
1761569484.464906
1761569485.7488487
1761569485.7489612
1761570659.3301327
1761570659.3764124
1761570661.4993298
1761570661.499444
1761570687.6843479
1761570687.6870725
1761570691.5269182
1761570691.5271595
1761570750.471549
1761570750.517145
1761570752.032097
1761570752.032217
1761570769.6388485
1761570769.6446986
1761570772.0628533
1761570772.0630076
1761582331.2605357
1761582331.304983
1761582332.8471522
1761582332.847305
1761716150.0026007
1761716150.0488315
1761716151.8292298
1761716151.829305
1761716902.286107
1761716902.332323
1761716903.573035
1761716903.573155
1761717268.473387
1761717268.5201905
1761717270.5007443
1761717270.5016325
1761717874.944739
1761717874.9926953
1761717876.9859462
1761717876.9860814
1761718928.963412
1761718929.01282
1761718930.5416584
1761718930.5417895
1761719245.0621607
1761719245.1127007
1761719246.9218576
1761719246.9219534
1761720328.4585528
1761720328.5056071
1761720330.3405216
1761720330.3406518
1761721302.640032
1761721302.688565
1761721304.0188158
1761721304.0188694
1761721824.3158038
1761721824.3608544
1761721825.6186032
1761721825.6187506
1761722447.987398
1761722448.0329158
1761722449.4699078
1761722449.4699912
1761722515.6713924
1761722515.7172098
1761722517.1864953
1761722517.186714
1761723332.0658875
1761723332.113188
1761723333.4973989
1761723333.4981773
1761741917.6833775
1761741917.7289684
1761741919.474735
1761741919.4747734
1761744087.804356
1761744087.8481474
1761744089.4046388
1761744089.404815
1761752952.6119506
1761752952.6611009
1761752954.555786
1761752954.555914
1761753710.2770646
1761753710.3210945
1761753712.2476323
1761753712.2477374
1761755704.429891
1761755704.4809768
1761755705.8037336
1761755705.8039284
1761755720.4677854
1761755720.4717617
1761755725.8814209
1761755725.8815565
1761755742.7125864
1761755742.71397
1761755745.9298658
1761755745.9300017
1762154831.3876946
1762154831.4362392
1762154832.6411157
1762154832.64125
1762154851.690877
1762154851.695061
1762154857.6939044
1762154857.6940398
1762154872.6733167
1762154872.6775246
1762154877.7455156
1762154877.7456453
1762155098.9945934
1762155099.0406022
1762155100.4269395
1762155100.4270735
1762155413.280889
1762155413.327996
1762155414.735437
1762155414.7359395
1762155719.938564
1762155719.984461
1762155721.6150239
1762155721.61515
1762156139.2895465
1762156139.3360476
1762156204.8246877
1762156204.868105
1762156206.3084106
1762156206.3085032
1762157593.779489
1762157593.8242798
1762157595.2917807
1762157595.2919264
1762157610.4292905
1762157610.4307518
1762157615.3953645
1762157615.3955202
1762157628.531773
1762157628.576053
1762157630.4174764
1762157630.417576
1762219071.5276
1762219071.5722697
1762219073.667068
1762219073.6672301
1762219086.365791
1762219086.3672652
1762219088.716851
1762219088.7169974
1762219097.763962
1762219097.768187
1762219103.80067
1762219103.8008296
1762323708.0366888
1762323708.0801606
1762323709.6468723
1762323709.6470373
1762323719.5154853
1762323719.517025
1762323724.754981
1762323724.7551372
1762323734.4776437
1762323734.4817986
1762323739.7589679
1762323739.7591207
1762400951.8243527
1762400951.8678045
1762400953.0962362
1762400953.0962706
1762400961.1464684
1762400961.1476245
1762400963.1864276
1762400963.1864617
1762400972.699036
1762400972.7000842
1762400978.1913912
1762400978.1914253
1762444780.059721
1762444780.103308
1762444781.9362478
1762444781.9362829
1762444790.5464904
1762444790.5476682
1762444796.9805999
1762444796.98066
1762444810.7546933
1762444810.756396
1762444817.0239449
1762444817.0239816
1762579519.5109074
1762579519.55556
1762579521.4921806
1762579521.4922192
1762579532.3594053
1762579532.36057
1762579536.512628
1762579536.512669
1762579546.5597875
1762579546.5610797
1762579551.5200512
1762579551.520089
1762609893.1424212
1762609893.1870432
1762609894.8143756
1762609894.8144412
1762609903.282427
1762609903.2835417
1762609909.8588238
1762609909.858882
1762609918.7625055
1762609918.7634168
1762609924.9417632
1762609924.941797
1762697841.970341
1762697842.0191252
1762697843.1259105
1762697843.1259475
1762697853.8203845
1762697853.821341
1762697859.1550736
1762697859.1551075
1762697869.8234534
1762697869.8244898
1762697874.2287512
1762697874.2287831
1762736632.9470944
1762736632.994969
1762736634.7733269
1762736634.7733655
1762736646.0669258
1762736646.0679743
1762736649.871927
1762736649.871961
1762736659.1313396
1762736659.1332061
1762736664.8585055
1762736664.8585427
1762761101.6503222
1762761101.6991358
1762761102.7885869
1762761102.7886236
1762761111.1754339
1762761111.176483
1762761112.7902014
1762761112.7903752
1762761124.1904085
1762761124.191496
1762761128.83771
1762761128.8377445
1762772847.6545591
1762772847.7031515
1762772849.0164316
1762772849.0164704
1762772862.9502428
1762772862.9511628
1762772869.0577164
1762772869.0577579
1762772880.6943831
1762772880.6954567
1762772884.08176
1762772884.0818226
1762793169.2263231
1762793169.2750309
1762793170.5642037
1762793170.5642374
1762793178.9389906
1762793178.9404514
1762793180.6061428
1762793180.6062262
1762793192.090748
1762793192.0922666
1762793195.658497
1762793195.658555
1762830156.947101
1762830156.990952
1762830158.9597604
1762830158.9598176
1762830168.2947102
1762830168.2960422
1762830173.9687235
1762830173.968756
1762830183.830689
1762830183.8319705
1762830188.9961114
1762830188.9964194
1776434051.3788838
1776434051.4256968
1776434053.8976502
1776434053.897686
1776434138.0578146
1776434138.062179
1776434198.0617554
1776434982.5779912
1776434982.625564
1776434984.9033353
1776434984.903381
1776435119.2410266
1776435119.2862837
1776435121.959781
1776435121.9598284
1776435174.697495
1776435174.7424953
1776435177.0441093
1776435177.0441842
1776435295.6722796
1776435295.7196822
1776435298.384478
1776435298.384514
1776675450.6962814
1776675450.741572
1776675452.5761974
1776675452.576247
